watcher pid=14213 poll=5s stale_escalate=6s saturating-stream=on fleet=working
t=2s beat_age=1s
t=5s beat_age=4s
t=7s beat_age=6s
t=9s beat_age=8s
t=11s beat_age=10s
t=13s beat_age=0s
t=15s FLEET FLIP: crewmate wG:pQ working -> blocked (mid-saturation)
t=15s beat_age=2s
t=17s beat_age=4s
t=19s beat_age=6s
t=21s beat_age=8s
t=24s beat_age=11s
t=26s beat_age=1s
t=26s ESCALATION DELIVERED: durable stale wake enqueued after flip (latency 11s): 1787463483	1	stale	default:wG:pQ	stale: default:wG:pQ
t=28s beat_age=3s
t=30s beat_age=5s
t=32s beat_age=7s
t=34s beat_age=9s
t=36s beat_age=11s
t=39s beat_age=14s
t=41s beat_age=16s
t=43s beat_age=18s
t=45s beat_age=20s
t=47s beat_age=22s
t=49s beat_age=24s
t=51s beat_age=26s
t=54s beat_age=29s
t=56s beat_age=31s
t=58s beat_age=33s
t=60s beat_age=35s
t=62s beat_age=37s
t=64s beat_age=39s
t=67s beat_age=42s
t=69s beat_age=44s
t=71s beat_age=46s
t=73s beat_age=48s
SUMMARY max_beat_age=48s (grace 300s) escalation_detected=yes@t=26s watcher_alive_during_run=expected-yes leaked_stream_readers=0
